---
- council_reference: 237/2022
  address: 133 Stirling Street BUNBURY WA 6230
  description: Single House Amendment to Original Approval 2022/237/1
  info_url: https://eservices.bunbury.wa.gov.au/eservice/daEnquiryInit.do?nodeNum=11264
  date_received: '2025-03-26'
  date_scraped: '2025-04-15'
  authority_label: bunbury
- council_reference: 270/2024
  address: 29 Moore Street BUNBURY WA 6230
  description: Single House Air Conditioner Units
  info_url: https://eservices.bunbury.wa.gov.au/eservice/daEnquiryInit.do?nodeNum=11264
  date_received: '2025-03-19'
  date_scraped: '2025-04-15'
  authority_label: bunbury
- council_reference: 38707/2024
  address: 6 Mossop Street SOUTH BUNBURY WA 6230
  description: Class 9B - Child Care Centre
  info_url: https://eservices.bunbury.wa.gov.au/eservice/daEnquiryInit.do?nodeNum=11264
  date_received: '2025-03-18'
  date_scraped: '2025-04-15'
  authority_label: bunbury
- council_reference: 38820/2024
  address: 92 Blair Street BUNBURY WA 6230
  description: Class 6 - Service Station
  info_url: https://eservices.bunbury.wa.gov.au/eservice/daEnquiryInit.do?nodeNum=11264
  date_received: '2025-04-04'
  date_scraped: '2025-04-15'
  authority_label: bunbury
- council_reference: 38954/2024
  address: 38 Vittoria Road GLEN IRIS WA 6230
  description: Class 9B & 5 - Assembly Building & Office (Stage 2 Works)
  info_url: https://eservices.bunbury.wa.gov.au/eservice/daEnquiryInit.do?nodeNum=11264
  date_received: '2025-04-08'
  date_scraped: '2025-04-15'
  authority_label: bunbury
- council_reference: 39271/2024
  address: 23A Cross Street BUNBURY WA 6230
  description: Class 1A - Dwelling (BA19)
  info_url: https://eservices.bunbury.wa.gov.au/eservice/daEnquiryInit.do?nodeNum=11264
  date_received: '2025-03-19'
  date_scraped: '2025-04-15'
  authority_label: bunbury
- council_reference: 39512/2025
  address: 21 Nyabing Way WITHERS WA 6230
  description: Class 10A - Carport & Patio New Carport and Patio
  info_url: https://eservices.bunbury.wa.gov.au/eservice/daEnquiryInit.do?nodeNum=11264
  date_received: '2025-03-18'
  date_scraped: '2025-04-15'
  authority_label: bunbury
- council_reference: 39513/2025
  address: 22 Picton Crescent BUNBURY WA 6230
  description: Class 1A - Dwelling & Retaining Wall New Retaining Wall
  info_url: https://eservices.bunbury.wa.gov.au/eservice/daEnquiryInit.do?nodeNum=11264
  date_received: '2025-03-19'
  date_scraped: '2025-04-15'
  authority_label: bunbury
- council_reference: 39514/2025
  address: 27 Wellington Street BUNBURY WA 6230
  description: Class 6 - Alfresco (Rose Hotel)
  info_url: https://eservices.bunbury.wa.gov.au/eservice/daEnquiryInit.do?nodeNum=11264
  date_received: '2025-03-19'
  date_scraped: '2025-04-15'
  authority_label: bunbury
- council_reference: 39515/2025
  address: 5 Lambert Loop COLLEGE GROVE WA 6230
  description: Class 1A - Dwelling (New)
  info_url: https://eservices.bunbury.wa.gov.au/eservice/daEnquiryInit.do?nodeNum=11264
  date_received: '2025-03-19'
  date_scraped: '2025-04-15'
  authority_label: bunbury
- council_reference: 39516/2025
  address: 3 Lambert Loop COLLEGE GROVE WA 6230
  description: Class 1A - Dwelling (New)
  info_url: https://eservices.bunbury.wa.gov.au/eservice/daEnquiryInit.do?nodeNum=11264
  date_received: '2025-03-19'
  date_scraped: '2025-04-15'
  authority_label: bunbury
- council_reference: 39517/2025
  address: 16 Victoria Street BUNBURY WA 6230
  description: Class 5 - Office Fitout (Rabobank)
  info_url: https://eservices.bunbury.wa.gov.au/eservice/daEnquiryInit.do?nodeNum=11264
  date_received: '2025-03-20'
  date_scraped: '2025-04-15'
  authority_label: bunbury
- council_reference: 39518/2025
  address: 3 Ingram Court SOUTH BUNBURY WA 6230
  description: Class 10A - Porch
  info_url: https://eservices.bunbury.wa.gov.au/eservice/daEnquiryInit.do?nodeNum=11264
  date_received: '2025-03-20'
  date_scraped: '2025-04-15'
  authority_label: bunbury
- council_reference: 39519/2025
  address: Unit 1 21 Greensell Street BUNBURY WA 6230
  description: Class 1A - Dwelling Units Staircase (Partial Demolition)
  info_url: https://eservices.bunbury.wa.gov.au/eservice/daEnquiryInit.do?nodeNum=11264
  date_received: '2025-03-21'
  date_scraped: '2025-04-15'
  authority_label: bunbury
- council_reference: 39520/2025
  address: 43 Hoylake Avenue SOUTH BUNBURY WA 6230
  description: Class 10A - shed
  info_url: https://eservices.bunbury.wa.gov.au/eservice/daEnquiryInit.do?nodeNum=11264
  date_received: '2025-03-21'
  date_scraped: '2025-04-15'
  authority_label: bunbury
- council_reference: 39521/2025
  address: 91 Dunstan Street SOUTH BUNBURY WA 6230
  description: Class 10A - Patio
  info_url: https://eservices.bunbury.wa.gov.au/eservice/daEnquiryInit.do?nodeNum=11264
  date_received: '2025-03-21'
  date_scraped: '2025-04-15'
  authority_label: bunbury
- council_reference: 39522/2025
  address: 23 Erica Entrance GLEN IRIS WA 6230
  description: Class 10B - Solar Panels (Djidi Djidi School)
  info_url: https://eservices.bunbury.wa.gov.au/eservice/daEnquiryInit.do?nodeNum=11264
  date_received: '2025-03-20'
  date_scraped: '2025-04-15'
  authority_label: bunbury
- council_reference: 39523/2025
  address: 19 North Street EAST BUNBURY WA 6230
  description: Class 1A - Dwelling (New)
  info_url: https://eservices.bunbury.wa.gov.au/eservice/daEnquiryInit.do?nodeNum=11264
  date_received: '2025-03-21'
  date_scraped: '2025-04-15'
  authority_label: bunbury
- council_reference: 39524/2025
  address: 3 Nash Street GLEN IRIS WA 6230
  description: Class 1A - Roof Re-Cladding
  info_url: https://eservices.bunbury.wa.gov.au/eservice/daEnquiryInit.do?nodeNum=11264
  date_received: '2025-03-24'
  date_scraped: '2025-04-15'
  authority_label: bunbury
- council_reference: 39525/2025
  address: 233 Ocean Drive WITHERS WA 6230
  description: Class 10A - Patio
  info_url: https://eservices.bunbury.wa.gov.au/eservice/daEnquiryInit.do?nodeNum=11264
  date_received: '2025-03-24'
  date_scraped: '2025-04-15'
  authority_label: bunbury
- council_reference: 39526/2025
  address: 18 Dunstan Street SOUTH BUNBURY WA 6230
  description: Class 10A - Decking
  info_url: https://eservices.bunbury.wa.gov.au/eservice/daEnquiryInit.do?nodeNum=11264
  date_received: '2025-03-24'
  date_scraped: '2025-04-15'
  authority_label: bunbury
- council_reference: 39527/2025
  address: 70 McCombe Road DAVENPORT WA 6230
  description: Class 8 - Commercial (Workshop & Office)
  info_url: https://eservices.bunbury.wa.gov.au/eservice/daEnquiryInit.do?nodeNum=11264
  date_received: '2025-03-24'
  date_scraped: '2025-04-15'
  authority_label: bunbury
- council_reference: 39528/2025
  address: 7 Charles Street BUNBURY WA 6230
  description: Class 10B - Pool & Pool Fencing New Pool Fence
  info_url: https://eservices.bunbury.wa.gov.au/eservice/daEnquiryInit.do?nodeNum=11264
  date_received: '2025-03-24'
  date_scraped: '2025-04-15'
  authority_label: bunbury
- council_reference: 39529/2025
  address: 22 Constitution Street SOUTH BUNBURY WA 6230
  description: Class 10A - Shed
  info_url: https://eservices.bunbury.wa.gov.au/eservice/daEnquiryInit.do?nodeNum=11264
  date_received: '2025-03-24'
  date_scraped: '2025-04-15'
  authority_label: bunbury
- council_reference: 39530/2025
  address: Unit 3 43 Charles Street BUNBURY WA 6230
  description: Class 10A - Patio
  info_url: https://eservices.bunbury.wa.gov.au/eservice/daEnquiryInit.do?nodeNum=11264
  date_received: '2025-03-25'
  date_scraped: '2025-04-15'
  authority_label: bunbury
- council_reference: 39531/2025
  address: 22 Constitution Street SOUTH BUNBURY WA 6230
  description: Class 10A - Shed & Carport (Demolition) New Carport
  info_url: https://eservices.bunbury.wa.gov.au/eservice/daEnquiryInit.do?nodeNum=11264
  date_received: '2025-03-26'
  date_scraped: '2025-04-15'
  authority_label: bunbury
- council_reference: 39532/2025
  address: 10 Palmerston Street CAREY PARK WA 6230
  description: Class 10A - Carport
  info_url: https://eservices.bunbury.wa.gov.au/eservice/daEnquiryInit.do?nodeNum=11264
  date_received: '2025-03-26'
  date_scraped: '2025-04-15'
  authority_label: bunbury
- council_reference: 39533/2025
  address: 69 Beach Road SOUTH BUNBURY WA 6230
  description: Class 10A - Shed
  info_url: https://eservices.bunbury.wa.gov.au/eservice/daEnquiryInit.do?nodeNum=11264
  date_received: '2025-03-26'
  date_scraped: '2025-04-15'
  authority_label: bunbury
- council_reference: 39534/2025
  address: 25 Parkfield Street BUNBURY WA 6230
  description: Class 10A - Patio
  info_url: https://eservices.bunbury.wa.gov.au/eservice/daEnquiryInit.do?nodeNum=11264
  date_received: '2025-03-26'
  date_scraped: '2025-04-15'
  authority_label: bunbury
- council_reference: 39535/2025
  address: 10 Rodgers Place CAREY PARK WA 6230
  description: Class 10A - Patio
  info_url: https://eservices.bunbury.wa.gov.au/eservice/daEnquiryInit.do?nodeNum=11264
  date_received: '2025-03-26'
  date_scraped: '2025-04-15'
  authority_label: bunbury
- council_reference: 39536/2025
  address: 35B Cranbrook Way USHER WA 6230
  description: Class 10A - Shed
  info_url: https://eservices.bunbury.wa.gov.au/eservice/daEnquiryInit.do?nodeNum=11264
  date_received: '2025-03-26'
  date_scraped: '2025-04-15'
  authority_label: bunbury
- council_reference: 39537/2025
  address: 27 Spencer Street BUNBURY WA 6230
  description: Class 9B - Gym Stage 1 (Revo)
  info_url: https://eservices.bunbury.wa.gov.au/eservice/daEnquiryInit.do?nodeNum=11264
  date_received: '2025-03-26'
  date_scraped: '2025-04-15'
  authority_label: bunbury
- council_reference: 39538/2025
  address: 3 Banksia Street BUNBURY WA 6230
  description: Class 10A Carport
  info_url: https://eservices.bunbury.wa.gov.au/eservice/daEnquiryInit.do?nodeNum=11264
  date_received: '2025-03-26'
  date_scraped: '2025-04-15'
  authority_label: bunbury
- council_reference: 39539/2025
  address: 53B Clarke Street SOUTH BUNBURY WA 6230
  description: Class 10A - Patio
  info_url: https://eservices.bunbury.wa.gov.au/eservice/daEnquiryInit.do?nodeNum=11264
  date_received: '2025-03-27'
  date_scraped: '2025-04-15'
  authority_label: bunbury
- council_reference: 39540/2025
  address: 15 Cingalese Close CAREY PARK WA 6230
  description: Class 10A - Patio & Carport New Verandah or Patio
  info_url: https://eservices.bunbury.wa.gov.au/eservice/daEnquiryInit.do?nodeNum=11264
  date_received: '2025-03-27'
  date_scraped: '2025-04-15'
  authority_label: bunbury
- council_reference: 39541/2025
  address: 15 Burt Street EAST BUNBURY WA 6230
  description: Class 10B - Spa
  info_url: https://eservices.bunbury.wa.gov.au/eservice/daEnquiryInit.do?nodeNum=11264
  date_received: '2025-03-27'
  date_scraped: '2025-04-15'
  authority_label: bunbury
- council_reference: 39542/2025
  address: 60 Moonlight Drive GLEN IRIS WA 6230
  description: Class 1A - Dwellings x 2
  info_url: https://eservices.bunbury.wa.gov.au/eservice/daEnquiryInit.do?nodeNum=11264
  date_received: '2025-03-27'
  date_scraped: '2025-04-15'
  authority_label: bunbury
- council_reference: 39543/2025
  address: 1 Monoghan Place SOUTH BUNBURY WA 6230
  description: New Retaining Wall
  info_url: https://eservices.bunbury.wa.gov.au/eservice/daEnquiryInit.do?nodeNum=11264
  date_received: '2025-03-28'
  date_scraped: '2025-04-15'
  authority_label: bunbury
- council_reference: 39544/2025
  address: 13 West Road SOUTH BUNBURY WA 6230
  description: Class 10A - Shed
  info_url: https://eservices.bunbury.wa.gov.au/eservice/daEnquiryInit.do?nodeNum=11264
  date_received: '2025-03-27'
  date_scraped: '2025-04-15'
  authority_label: bunbury
- council_reference: 39545/2025
  address: 45 Mangles Street SOUTH BUNBURY WA 6230
  description: Class 10A - Shed (Demolition)
  info_url: https://eservices.bunbury.wa.gov.au/eservice/daEnquiryInit.do?nodeNum=11264
  date_received: '2025-03-28'
  date_scraped: '2025-04-15'
  authority_label: bunbury
- council_reference: 39546/2025
  address: 40 Lingard Loop USHER WA 6230
  description: Class 1A - Dwelling
  info_url: https://eservices.bunbury.wa.gov.au/eservice/daEnquiryInit.do?nodeNum=11264
  date_received: '2025-03-28'
  date_scraped: '2025-04-15'
  authority_label: bunbury
- council_reference: 39547/2025
  address: 70 Austral Parade EAST BUNBURY WA 6230
  description: Class 10A - Shed (Storm Damaged)
  info_url: https://eservices.bunbury.wa.gov.au/eservice/daEnquiryInit.do?nodeNum=11264
  date_received: '2025-03-28'
  date_scraped: '2025-04-15'
  authority_label: bunbury
- council_reference: 39548/2025
  address: 1 Nash Street GLEN IRIS WA 6230
  description: Class 10A - Carport
  info_url: https://eservices.bunbury.wa.gov.au/eservice/daEnquiryInit.do?nodeNum=11264
  date_received: '2025-03-31'
  date_scraped: '2025-04-15'
  authority_label: bunbury
- council_reference: 39549/2025
  address: 1 Monoghan Place SOUTH BUNBURY WA 6230
  description: New Retaining Wall
  info_url: https://eservices.bunbury.wa.gov.au/eservice/daEnquiryInit.do?nodeNum=11264
  date_received: '2025-03-31'
  date_scraped: '2025-04-15'
  authority_label: bunbury
- council_reference: 39550/2025
  address: 31 Wallrodt Crescent GLEN IRIS WA 6230
  description: Class 10B - Shade Sail
  info_url: https://eservices.bunbury.wa.gov.au/eservice/daEnquiryInit.do?nodeNum=11264
  date_received: '2025-03-31'
  date_scraped: '2025-04-15'
  authority_label: bunbury
- council_reference: 39551/2025
  address: Unit 2 2 Woodrow Street CAREY PARK WA 6230
  description: Class 10A - Carport
  info_url: https://eservices.bunbury.wa.gov.au/eservice/daEnquiryInit.do?nodeNum=11264
  date_received: '2025-03-28'
  date_scraped: '2025-04-15'
  authority_label: bunbury
- council_reference: 39552/2025
  address: 24B Latreille Road SOUTH BUNBURY WA 6230
  description: Class 1A - Dwelling
  info_url: https://eservices.bunbury.wa.gov.au/eservice/daEnquiryInit.do?nodeNum=11264
  date_received: '2025-03-31'
  date_scraped: '2025-04-15'
  authority_label: bunbury
- council_reference: 39553/2025
  address: 39 Mary Street SOUTH BUNBURY WA 6230
  description: Class 1A & 1B - Pool & Deck
  info_url: https://eservices.bunbury.wa.gov.au/eservice/daEnquiryInit.do?nodeNum=11264
  date_received: '2025-03-31'
  date_scraped: '2025-04-15'
  authority_label: bunbury
- council_reference: 39554/2025
  address: 1 Willow Drive SOUTH BUNBURY WA 6230
  description: Class 10A - Carport
  info_url: https://eservices.bunbury.wa.gov.au/eservice/daEnquiryInit.do?nodeNum=11264
  date_received: '2025-03-31'
  date_scraped: '2025-04-15'
  authority_label: bunbury
- council_reference: 39555/2025
  address: 59 Mary Street SOUTH BUNBURY WA 6230
  description: Class 10A - Carport
  info_url: https://eservices.bunbury.wa.gov.au/eservice/daEnquiryInit.do?nodeNum=11264
  date_received: '2025-03-31'
  date_scraped: '2025-04-15'
  authority_label: bunbury
- council_reference: 39556/2025
  address: 12 Willoughby Street SOUTH BUNBURY WA 6230
  description: Class 1A & 10A - Dwelling & Garage (Demolition) New Garage/Garden Shed/Workshop
  info_url: https://eservices.bunbury.wa.gov.au/eservice/daEnquiryInit.do?nodeNum=11264
  date_received: '2025-03-31'
  date_scraped: '2025-04-15'
  authority_label: bunbury
- council_reference: 39557/2025
  address: 20 Picton Road EAST BUNBURY WA 6230
  description: Class 10A - Patio
  info_url: https://eservices.bunbury.wa.gov.au/eservice/daEnquiryInit.do?nodeNum=11264
  date_received: '2025-03-31'
  date_scraped: '2025-04-15'
  authority_label: bunbury
- council_reference: 39558/2025
  address: 16 Delaporte Way CAREY PARK WA 6230
  description: Class 10A - Carport
  info_url: https://eservices.bunbury.wa.gov.au/eservice/daEnquiryInit.do?nodeNum=11264
  date_received: '2025-03-31'
  date_scraped: '2025-04-15'
  authority_label: bunbury
- council_reference: 39559/2025
  address: 27 Ashford Place SOUTH BUNBURY WA 6230
  description: Class 10A - Carport
  info_url: https://eservices.bunbury.wa.gov.au/eservice/daEnquiryInit.do?nodeNum=11264
  date_received: '2025-04-01'
  date_scraped: '2025-04-15'
  authority_label: bunbury
- council_reference: 39560/2025
  address: 56 Forrest Avenue SOUTH BUNBURY WA 6230
  description: Class 5 & 10B - Change of Use Office, Masonry & Modular Walls New Fence
    or Wall
  info_url: https://eservices.bunbury.wa.gov.au/eservice/daEnquiryInit.do?nodeNum=11264
  date_received: '2025-04-01'
  date_scraped: '2025-04-15'
  authority_label: bunbury
- council_reference: 39561/2025
  address: 17 Birch Street SOUTH BUNBURY WA 6230
  description: Class 1A & 10A Dwelling Alts & Adds & Convert Carport to Garage
  info_url: https://eservices.bunbury.wa.gov.au/eservice/daEnquiryInit.do?nodeNum=11264
  date_received: '2025-04-02'
  date_scraped: '2025-04-15'
  authority_label: bunbury
- council_reference: 39562/2025
  address: 33 Webber Street CAREY PARK WA 6230
  description: Class 10A - Carport
  info_url: https://eservices.bunbury.wa.gov.au/eservice/daEnquiryInit.do?nodeNum=11264
  date_received: '2025-04-01'
  date_scraped: '2025-04-15'
  authority_label: bunbury
- council_reference: 39563/2025
  address: 11 Holywell Street SOUTH BUNBURY WA 6230
  description: Class 1A - Addition to Dwelling
  info_url: https://eservices.bunbury.wa.gov.au/eservice/daEnquiryInit.do?nodeNum=11264
  date_received: '2025-04-02'
  date_scraped: '2025-04-15'
  authority_label: bunbury
- council_reference: 39564/2025
  address: 17 Birch Street SOUTH BUNBURY WA 6230
  description: Class 1A - Alterations Additions to Dwelling & Carport Enclosure
  info_url: https://eservices.bunbury.wa.gov.au/eservice/daEnquiryInit.do?nodeNum=11264
  date_received: '2025-04-02'
  date_scraped: '2025-04-15'
  authority_label: bunbury
- council_reference: 39565/2025
  address: 65 Hudson Road WITHERS WA 6230
  description: Class 1A - Ancillary Dwelling
  info_url: https://eservices.bunbury.wa.gov.au/eservice/daEnquiryInit.do?nodeNum=11264
  date_received: '2025-04-02'
  date_scraped: '2025-04-15'
  authority_label: bunbury
- council_reference: 39566/2025
  address: 15 Fielder Street SOUTH BUNBURY WA 6230
  description: Class 1A - Grouped Dwellings x 3
  info_url: https://eservices.bunbury.wa.gov.au/eservice/daEnquiryInit.do?nodeNum=11264
  date_received: '2025-04-03'
  date_scraped: '2025-04-15'
  authority_label: bunbury
- council_reference: 39567/2025
  address: Unit 1 1 Herbert Road EAST BUNBURY WA 6230
  description: Class 1A - Roof Re-Cladding
  info_url: https://eservices.bunbury.wa.gov.au/eservice/daEnquiryInit.do?nodeNum=11264
  date_received: '2025-04-03'
  date_scraped: '2025-04-15'
  authority_label: bunbury
- council_reference: 39568/2025
  address: 28 Lambert Loop COLLEGE GROVE WA 6230
  description: Class 1A - Dwelling
  info_url: https://eservices.bunbury.wa.gov.au/eservice/daEnquiryInit.do?nodeNum=11264
  date_received: '2025-04-03'
  date_scraped: '2025-04-15'
  authority_label: bunbury
- council_reference: 39569/2025
  address: 1 Island Queen Street WITHERS WA 6230
  description: Class 10B - Communications Tower
  info_url: https://eservices.bunbury.wa.gov.au/eservice/daEnquiryInit.do?nodeNum=11264
  date_received: '2025-04-04'
  date_scraped: '2025-04-15'
  authority_label: bunbury
- council_reference: 39570/2025
  address: 19 Windich Way CAREY PARK WA 6230
  description: Class 10A - Patio
  info_url: https://eservices.bunbury.wa.gov.au/eservice/daEnquiryInit.do?nodeNum=11264
  date_received: '2025-04-04'
  date_scraped: '2025-04-15'
  authority_label: bunbury
- council_reference: 39571/2025
  address: Apartment 13 Level 5 21 Holman Street BUNBURY WA 6230
  description: Class 2 - Lift Installation
  info_url: https://eservices.bunbury.wa.gov.au/eservice/daEnquiryInit.do?nodeNum=11264
  date_received: '2025-04-07'
  date_scraped: '2025-04-15'
  authority_label: bunbury
- council_reference: 39572/2025
  address: 9 Elvey Place USHER WA 6230
  description: Class 10A - Patio
  info_url: https://eservices.bunbury.wa.gov.au/eservice/daEnquiryInit.do?nodeNum=11264
  date_received: '2025-04-07'
  date_scraped: '2025-04-15'
  authority_label: bunbury
- council_reference: 39573/2025
  address: 1 Irwin Street BUNBURY WA 6230
  description: Class 1A - Roof Re-Cladding
  info_url: https://eservices.bunbury.wa.gov.au/eservice/daEnquiryInit.do?nodeNum=11264
  date_received: '2025-04-07'
  date_scraped: '2025-04-15'
  authority_label: bunbury
- council_reference: 39574/2025
  address: 9805 Forrest Highway GLEN IRIS WA 6230
  description: Class 10B - Solar Panels (Unauthorised)
  info_url: https://eservices.bunbury.wa.gov.au/eservice/daEnquiryInit.do?nodeNum=11264
  date_received: '2025-04-04'
  date_scraped: '2025-04-15'
  authority_label: bunbury
- council_reference: 39575/2025
  address: 3 Drosera Cross GLEN IRIS WA 6230
  description: Class 10A - Patio
  info_url: https://eservices.bunbury.wa.gov.au/eservice/daEnquiryInit.do?nodeNum=11264
  date_received: '2025-04-07'
  date_scraped: '2025-04-15'
  authority_label: bunbury
- council_reference: 39576/2025
  address: 38 Hudson Road WITHERS WA 6230
  description: Class 1A - Ancillary Accomodation (Unauthorised)
  info_url: https://eservices.bunbury.wa.gov.au/eservice/daEnquiryInit.do?nodeNum=11264
  date_received: '2025-04-03'
  date_scraped: '2025-04-15'
  authority_label: bunbury
- council_reference: 39577/2025
  address: 2 Griffin Lane USHER WA 6230
  description: Class 10A - Patio
  info_url: https://eservices.bunbury.wa.gov.au/eservice/daEnquiryInit.do?nodeNum=11264
  date_received: '2025-04-07'
  date_scraped: '2025-04-15'
  authority_label: bunbury
- council_reference: 39578/2025
  address: 10 Tilley Crescent EAST BUNBURY WA 6230
  description: Class 10A - Patio
  info_url: https://eservices.bunbury.wa.gov.au/eservice/daEnquiryInit.do?nodeNum=11264
  date_received: '2025-04-08'
  date_scraped: '2025-04-15'
  authority_label: bunbury
- council_reference: 39579/2025
  address: 16 Meredith Way USHER WA 6230
  description: Class 10A - Shed
  info_url: https://eservices.bunbury.wa.gov.au/eservice/daEnquiryInit.do?nodeNum=11264
  date_received: '2025-04-08'
  date_scraped: '2025-04-15'
  authority_label: bunbury
- council_reference: 39580/2025
  address: 45 Mangles Street SOUTH BUNBURY WA 6230
  description: Class 10A - Shed
  info_url: https://eservices.bunbury.wa.gov.au/eservice/daEnquiryInit.do?nodeNum=11264
  date_received: '2025-04-08'
  date_scraped: '2025-04-15'
  authority_label: bunbury
- council_reference: 39581/2025
  address: 49 Goldsmith Street SOUTH BUNBURY WA 6230
  description: Class 10A - Patio
  info_url: https://eservices.bunbury.wa.gov.au/eservice/daEnquiryInit.do?nodeNum=11264
  date_received: '2025-04-08'
  date_scraped: '2025-04-15'
  authority_label: bunbury
- council_reference: 39582/2025
  address: 15 Cambridge Crescent EAST BUNBURY WA 6230
  description: Class 10A - Carport
  info_url: https://eservices.bunbury.wa.gov.au/eservice/daEnquiryInit.do?nodeNum=11264
  date_received: '2025-04-08'
  date_scraped: '2025-04-15'
  authority_label: bunbury
- council_reference: 39583/2025
  address: 83 Minninup Road SOUTH BUNBURY WA 6230
  description: Class 1A - Ancillary Dwelling
  info_url: https://eservices.bunbury.wa.gov.au/eservice/daEnquiryInit.do?nodeNum=11264
  date_received: '2025-04-09'
  date_scraped: '2025-04-15'
  authority_label: bunbury
- council_reference: 39584/2025
  address: 5 Churchill Drive SOUTH BUNBURY WA 6230
  description: Class 1A - Dwelling
  info_url: https://eservices.bunbury.wa.gov.au/eservice/daEnquiryInit.do?nodeNum=11264
  date_received: '2025-04-09'
  date_scraped: '2025-04-15'
  authority_label: bunbury
- council_reference: 39585/2025
  address: 45A Austral Parade EAST BUNBURY WA 6230
  description: Class 1A - Dwelling
  info_url: https://eservices.bunbury.wa.gov.au/eservice/daEnquiryInit.do?nodeNum=11264
  date_received: '2025-04-09'
  date_scraped: '2025-04-15'
  authority_label: bunbury
- council_reference: 39586/2025
  address: 48 Hayes Street EAST BUNBURY WA 6230
  description: Class 1A - Dwelling (Strata Title)
  info_url: https://eservices.bunbury.wa.gov.au/eservice/daEnquiryInit.do?nodeNum=11264
  date_received: '2025-04-09'
  date_scraped: '2025-04-15'
  authority_label: bunbury
- council_reference: 39587/2025
  address: 13B Little Street CAREY PARK WA 6230
  description: Class 10A - Patio (Unauthorised)
  info_url: https://eservices.bunbury.wa.gov.au/eservice/daEnquiryInit.do?nodeNum=11264
  date_received: '2025-04-09'
  date_scraped: '2025-04-15'
  authority_label: bunbury
- council_reference: 39588/2025
  address: 21 Patrick Street SOUTH BUNBURY WA 6230
  description: Class 1A - Dwelling Alts & Adds Living Room
  info_url: https://eservices.bunbury.wa.gov.au/eservice/daEnquiryInit.do?nodeNum=11264
  date_received: '2025-04-10'
  date_scraped: '2025-04-15'
  authority_label: bunbury
- council_reference: 39589/2025
  address: 63 Sweeny Street CAREY PARK WA 6230
  description: Class 10A - Carport
  info_url: https://eservices.bunbury.wa.gov.au/eservice/daEnquiryInit.do?nodeNum=11264
  date_received: '2025-04-10'
  date_scraped: '2025-04-15'
  authority_label: bunbury
- council_reference: 39590/2025
  address: 13 Fairway Court EAST BUNBURY WA 6230
  description: Class 10A - Patio x3
  info_url: https://eservices.bunbury.wa.gov.au/eservice/daEnquiryInit.do?nodeNum=11264
  date_received: '2025-04-10'
  date_scraped: '2025-04-15'
  authority_label: bunbury
- council_reference: 39591/2025
  address: 56 Forrest Avenue SOUTH BUNBURY WA 6230
  description: Class 1A - Dwelling (Partial Demolition)
  info_url: https://eservices.bunbury.wa.gov.au/eservice/daEnquiryInit.do?nodeNum=11264
  date_received: '2025-04-01'
  date_scraped: '2025-04-15'
  authority_label: bunbury
- council_reference: 39592/2025
  address: 25 Payton Way USHER WA 6230
  description: Class 10A - Patio
  info_url: https://eservices.bunbury.wa.gov.au/eservice/daEnquiryInit.do?nodeNum=11264
  date_received: '2025-04-11'
  date_scraped: '2025-04-15'
  authority_label: bunbury
- council_reference: 39593/2025
  address: 13 Allen Street EAST BUNBURY WA 6230
  description: Class 10B - Retaining Wall
  info_url: https://eservices.bunbury.wa.gov.au/eservice/daEnquiryInit.do?nodeNum=11264
  date_received: '2025-04-11'
  date_scraped: '2025-04-15'
  authority_label: bunbury
- council_reference: 39594/2025
  address: 53 Moonlight Drive GLEN IRIS WA 6230
  description: Class 10A - Patio
  info_url: https://eservices.bunbury.wa.gov.au/eservice/daEnquiryInit.do?nodeNum=11264
  date_received: '2025-04-14'
  date_scraped: '2025-04-15'
  authority_label: bunbury
- council_reference: 50/2025
  address: 7B Mossop Street SOUTH BUNBURY WA 6230
  description: Grouped Dwelling Grouped Dwelling x1
  info_url: https://eservices.bunbury.wa.gov.au/eservice/daEnquiryInit.do?nodeNum=11264
  date_received: '2025-03-19'
  date_scraped: '2025-04-15'
  authority_label: bunbury
- council_reference: 51/2025
  address: 7C Mossop Street SOUTH BUNBURY WA 6230
  description: Grouped Dwelling Grouped Dwelling x1
  info_url: https://eservices.bunbury.wa.gov.au/eservice/daEnquiryInit.do?nodeNum=11264
  date_received: '2025-03-19'
  date_scraped: '2025-04-15'
  authority_label: bunbury
- council_reference: 57/2025
  address: 12 Bushell Street CAREY PARK WA 6230
  description: Single House Outbuilding
  info_url: https://eservices.bunbury.wa.gov.au/eservice/daEnquiryInit.do?nodeNum=11264
  date_received: '2025-03-25'
  date_scraped: '2025-04-15'
  authority_label: bunbury
- council_reference: 62/2025
  address: 47 Tuart Street BUNBURY WA 6230
  description: Single House Patio
  info_url: https://eservices.bunbury.wa.gov.au/eservice/daEnquiryInit.do?nodeNum=11264
  date_received: '2025-03-19'
  date_scraped: '2025-04-15'
  authority_label: bunbury
- council_reference: 64/2025
  address: Moonlight Drive GLEN IRIS WA 6230
  description: GBRS - Land Use Not Applicable Signage on Reserve 52259
  info_url: https://eservices.bunbury.wa.gov.au/eservice/daEnquiryInit.do?nodeNum=11264
  date_received: '2025-03-25'
  date_scraped: '2025-04-15'
  authority_label: bunbury
- council_reference: 66/2025
  address: 13 Beagle Place CAREY PARK WA 6230
  description: Single House Gable Shed
  info_url: https://eservices.bunbury.wa.gov.au/eservice/daEnquiryInit.do?nodeNum=11264
  date_received: '2025-04-08'
  date_scraped: '2025-04-15'
  authority_label: bunbury
- council_reference: 67/2025
  address: 10 Prosser Street SOUTH BUNBURY WA 6230
  description: Single House Ancillary Dwelling x1
  info_url: https://eservices.bunbury.wa.gov.au/eservice/daEnquiryInit.do?nodeNum=11264
  date_received: '2025-03-31'
  date_scraped: '2025-04-15'
  authority_label: bunbury
- council_reference: 68/2025
  address: 5 Coote Place USHER WA 6230
  description: Single House Carport
  info_url: https://eservices.bunbury.wa.gov.au/eservice/daEnquiryInit.do?nodeNum=11264
  date_received: '2025-04-03'
  date_scraped: '2025-04-15'
  authority_label: bunbury
- council_reference: 69/2025
  address: 98 Spencer Street SOUTH BUNBURY WA 6230
  description: Restaurant/Cafe Change of Use to Restaurant/Cafe
  info_url: https://eservices.bunbury.wa.gov.au/eservice/daEnquiryInit.do?nodeNum=11264
  date_received: '2025-03-26'
  date_scraped: '2025-04-15'
  authority_label: bunbury
- council_reference: 70/2025
  address: 28A Constitution Street SOUTH BUNBURY WA 6230
  description: Grouped Dwelling Garage & Front Fence
  info_url: https://eservices.bunbury.wa.gov.au/eservice/daEnquiryInit.do?nodeNum=11264
  date_received: '2025-03-19'
  date_scraped: '2025-04-15'
  authority_label: bunbury
- council_reference: 71/2025
  address: 130 South Western Highway GLEN IRIS WA 6230
  description: Single House Outbuilding
  info_url: https://eservices.bunbury.wa.gov.au/eservice/daEnquiryInit.do?nodeNum=11264
  date_received: '2025-04-07'
  date_scraped: '2025-04-15'
  authority_label: bunbury
- council_reference: 72/2025
  address: 72 Forrest Avenue SOUTH BUNBURY WA 6230
  description: Recreation - Private Bunbury Bowling Club - Patio
  info_url: https://eservices.bunbury.wa.gov.au/eservice/daEnquiryInit.do?nodeNum=11264
  date_received: '2025-03-31'
  date_scraped: '2025-04-15'
  authority_label: bunbury
- council_reference: 73/2025
  address: 226 South Western Highway PICTON WA 6229
  description: Industry - Light Shed
  info_url: https://eservices.bunbury.wa.gov.au/eservice/daEnquiryInit.do?nodeNum=11264
  date_received: '2025-03-20'
  date_scraped: '2025-04-15'
  authority_label: bunbury
- council_reference: 74/2025
  address: 43 Hoylake Avenue SOUTH BUNBURY WA 6230
  description: Single House Shed
  info_url: https://eservices.bunbury.wa.gov.au/eservice/daEnquiryInit.do?nodeNum=11264
  date_received: '2025-03-28'
  date_scraped: '2025-04-15'
  authority_label: bunbury
- council_reference: 75/2024
  address: 7 The Strand BUNBURY WA 6230
  description: Single House Amendment to Original Approval 2024/75
  info_url: https://eservices.bunbury.wa.gov.au/eservice/daEnquiryInit.do?nodeNum=11264
  date_received: '2025-04-08'
  date_scraped: '2025-04-15'
  authority_label: bunbury
- council_reference: 76/2025
  address: 66 Clarke Street SOUTH BUNBURY WA 6230
  description: Grouped Dwelling Grouped Dwelling x1
  info_url: https://eservices.bunbury.wa.gov.au/eservice/daEnquiryInit.do?nodeNum=11264
  date_received: '2025-03-25'
  date_scraped: '2025-04-15'
  authority_label: bunbury
- council_reference: 77/2025
  address: 16 Tilley Crescent EAST BUNBURY WA 6230
  description: Single House Patio
  info_url: https://eservices.bunbury.wa.gov.au/eservice/daEnquiryInit.do?nodeNum=11264
  date_received: '2025-03-31'
  date_scraped: '2025-04-15'
  authority_label: bunbury
- council_reference: 78/2025
  address: 34A Balgore Way CAREY PARK WA 6230
  description: Grouped Dwelling Grouped Dwelling x1
  info_url: https://eservices.bunbury.wa.gov.au/eservice/daEnquiryInit.do?nodeNum=11264
  date_received: '2025-03-28'
  date_scraped: '2025-04-15'
  authority_label: bunbury
- council_reference: 79/2025
  address: 16 Herbert Road EAST BUNBURY WA 6230
  description: Club Premises Bunbury Football Club Change Room
  info_url: https://eservices.bunbury.wa.gov.au/eservice/daEnquiryInit.do?nodeNum=11264
  date_received: '2025-04-02'
  date_scraped: '2025-04-15'
  authority_label: bunbury
- council_reference: 80/2025
  address: 101 Beach Road SOUTH BUNBURY WA 6230
  description: Single House Carport
  info_url: https://eservices.bunbury.wa.gov.au/eservice/daEnquiryInit.do?nodeNum=11264
  date_received: '2025-04-01'
  date_scraped: '2025-04-15'
  authority_label: bunbury
- council_reference: 81/2025
  address: 35B Cranbrook Way USHER WA 6230
  description: Single House Shed
  info_url: https://eservices.bunbury.wa.gov.au/eservice/daEnquiryInit.do?nodeNum=11264
  date_received: '2025-03-26'
  date_scraped: '2025-04-15'
  authority_label: bunbury
- council_reference: 82/2025
  address: 3 Banksia Street BUNBURY WA 6230
  description: Single House Carport
  info_url: https://eservices.bunbury.wa.gov.au/eservice/daEnquiryInit.do?nodeNum=11264
  date_received: '2025-04-04'
  date_scraped: '2025-04-15'
  authority_label: bunbury
- council_reference: 83/2025
  address: 7 Charles Street BUNBURY WA 6230
  description: Single House Swimming Pool & Fence
  info_url: https://eservices.bunbury.wa.gov.au/eservice/daEnquiryInit.do?nodeNum=11264
  date_received: '2025-04-01'
  date_scraped: '2025-04-15'
  authority_label: bunbury
- council_reference: 85/2025
  address: Harris Road PICTON WA 6229
  description: Industry Hardstand & Lean-To
  info_url: https://eservices.bunbury.wa.gov.au/eservice/daEnquiryInit.do?nodeNum=11264
  date_received: '2025-04-04'
  date_scraped: '2025-04-15'
  authority_label: bunbury
- council_reference: 86/2025
  address: 42 Strickland Street BUNBURY WA 6230
  description: Medical Centre Change of Use to Medical Centre (Health By Nurture Extension)
  info_url: https://eservices.bunbury.wa.gov.au/eservice/daEnquiryInit.do?nodeNum=11264
  date_received: '2025-04-01'
  date_scraped: '2025-04-15'
  authority_label: bunbury
- council_reference: 87/2025
  address: 26 Ward Street SOUTH BUNBURY WA 6230
  description: Child Care Premises Child Care Premises
  info_url: https://eservices.bunbury.wa.gov.au/eservice/daEnquiryInit.do?nodeNum=11264
  date_received: '2025-04-01'
  date_scraped: '2025-04-15'
  authority_label: bunbury
- council_reference: 88/2025
  address: 15 Forrest Street EAST BUNBURY WA 6230
  description: Place of Worship Alterations & Additions
  info_url: https://eservices.bunbury.wa.gov.au/eservice/daEnquiryInit.do?nodeNum=11264
  date_received: '2025-04-07'
  date_scraped: '2025-04-15'
  authority_label: bunbury
- council_reference: 89/2025
  address: 8 Mason Street DAVENPORT WA 6230
  description: Warehouse/Storage Workshop / Office
  info_url: https://eservices.bunbury.wa.gov.au/eservice/daEnquiryInit.do?nodeNum=11264
  date_received: '2025-04-10'
  date_scraped: '2025-04-15'
  authority_label: bunbury
- council_reference: 90/2025
  address: 25 Payton Way USHER WA 6230
  description: Single House Patio
  info_url: https://eservices.bunbury.wa.gov.au/eservice/daEnquiryInit.do?nodeNum=11264
  date_received: '2025-04-11'
  date_scraped: '2025-04-15'
  authority_label: bunbury
- council_reference: 91/2025
  address: 7 Shenton Street EAST BUNBURY WA 6230
  description: Single House
  info_url: https://eservices.bunbury.wa.gov.au/eservice/daEnquiryInit.do?nodeNum=11264
  date_received: '2025-04-14'
  date_scraped: '2025-04-15'
  authority_label: bunbury
- council_reference: 92/2025
  address: 59 Stirling Street BUNBURY WA 6230
  description: Change of Use Liquor Store Small & Shop
  info_url: https://eservices.bunbury.wa.gov.au/eservice/daEnquiryInit.do?nodeNum=11264
  date_received: '2025-04-14'
  date_scraped: '2025-04-15'
  authority_label: bunbury
