---
- council_reference: 13336/2025
  address: 21-25 Atherton Street YORKEYS KNOB QLD 4878
  description: Operational Works Civil Works
  info_url: https://eservices.cairns.qld.gov.au/eservice/daEnquiryInit.do?nodeNum=227
  date_received: '2025-03-17'
  date_scraped: '2025-04-15'
  authority_label: cairns
- council_reference: 13337/2025
  address: 109-117 McGregor Road SMITHFIELD QLD 4878
  description: Change Application (Minor) Operational Works Civil Works & Landscaping
  info_url: https://eservices.cairns.qld.gov.au/eservice/daEnquiryInit.do?nodeNum=227
  date_received: '2025-03-17'
  date_scraped: '2025-04-15'
  authority_label: cairns
- council_reference: 13338/2025
  address: 21 Jones Street WESTCOURT QLD 4870
  description: Building Works Assessable Against the Planning Scheme Dwelling House-Extension
  info_url: https://eservices.cairns.qld.gov.au/eservice/daEnquiryInit.do?nodeNum=227
  date_received: '2025-03-17'
  date_scraped: '2025-04-15'
  authority_label: cairns
- council_reference: 13339/2025
  address: 67 Del Manso Crescent EDMONTON QLD 4869
  description: EXPRESS Material Change of Use Dual Occupancy
  info_url: https://eservices.cairns.qld.gov.au/eservice/daEnquiryInit.do?nodeNum=227
  date_received: '2025-03-17'
  date_scraped: '2025-04-15'
  authority_label: cairns
- council_reference: 13340/2025
  address: 4 Sicilian Avenue GORDONVALE QLD 4865
  description: Change Application (Minor) Material Change of Use (Multiple Dwelling)
  info_url: https://eservices.cairns.qld.gov.au/eservice/daEnquiryInit.do?nodeNum=227
  date_received: '2025-03-17'
  date_scraped: '2025-04-15'
  authority_label: cairns
- council_reference: 13342/2025
  address: Catalano Access GOLDSBOROUGH QLD 4865
  description: Material Change of Use Dwelling House
  info_url: https://eservices.cairns.qld.gov.au/eservice/daEnquiryInit.do?nodeNum=227
  date_received: '2025-03-17'
  date_scraped: '2025-04-15'
  authority_label: cairns
- council_reference: 13343/2025
  address: 26-28 Hanson Street GOLDSBOROUGH QLD 4865
  description: Reconfiguring a Lot Boundary Realignment
  info_url: https://eservices.cairns.qld.gov.au/eservice/daEnquiryInit.do?nodeNum=227
  date_received: '2025-03-17'
  date_scraped: '2025-04-15'
  authority_label: cairns
- council_reference: 13344/2025
  address: Catalano Access GOLDSBOROUGH QLD 4865
  description: Operational Works Major Earthworks
  info_url: https://eservices.cairns.qld.gov.au/eservice/daEnquiryInit.do?nodeNum=227
  date_received: '2025-03-17'
  date_scraped: '2025-04-15'
  authority_label: cairns
- council_reference: 13345/2025
  address: 32 Wallwork Street EDMONTON QLD 4869
  description: EXPRESS Material Change of Use Dual Occupancy
  info_url: https://eservices.cairns.qld.gov.au/eservice/daEnquiryInit.do?nodeNum=227
  date_received: '2025-03-19'
  date_scraped: '2025-04-15'
  authority_label: cairns
- council_reference: 13346/2025
  address: 40-66 Reefsedge Way KEWARRA BEACH QLD 4879
  description: Combined Application Reconfiguring a Lot (1 Lot into 11 Lots and Common
    Property) and Operational Works (Civil Works)
  info_url: https://eservices.cairns.qld.gov.au/eservice/daEnquiryInit.do?nodeNum=227
  date_received: '2025-03-18'
  date_scraped: '2025-04-15'
  authority_label: cairns
- council_reference: 13347/2025
  address: 901L Moroney Avenue EDMONTON QLD 4869
  description: Change Application (Minor) Reconfiguring a Lot (2 Lots into 93 Lots)
  info_url: https://eservices.cairns.qld.gov.au/eservice/daEnquiryInit.do?nodeNum=227
  date_received: '2025-03-19'
  date_scraped: '2025-04-15'
  authority_label: cairns
- council_reference: 13348/2025
  address: 53 Macaranga Road BENTLEY PARK QLD 4869
  description: EXPRESS Material Change of Use Dual Occupancy
  info_url: https://eservices.cairns.qld.gov.au/eservice/daEnquiryInit.do?nodeNum=227
  date_received: '2025-03-19'
  date_scraped: '2025-04-15'
  authority_label: cairns
- council_reference: 13349/2025
  address: 62 Cassowary Street FRESHWATER QLD 4870
  description: Change Application (Minor) Building Works Against the Planning Scheme
    (Retaining Wall)
  info_url: https://eservices.cairns.qld.gov.au/eservice/daEnquiryInit.do?nodeNum=227
  date_received: '2025-03-20'
  date_scraped: '2025-04-15'
  authority_label: cairns
- council_reference: 13350/2025
  address: 1061 Captain Cook Highway SMITHFIELD QLD 4878
  description: Material Change of Use Low Impact Industry
  info_url: https://eservices.cairns.qld.gov.au/eservice/daEnquiryInit.do?nodeNum=227
  date_received: '2025-03-20'
  date_scraped: '2025-04-15'
  authority_label: cairns
- council_reference: 13351/2025
  address: 59 Mulgrave Road PARRAMATTA PARK QLD 4870
  description: Change Application (Minor) Material Change of Use Warehouse (Self-Storage)
  info_url: https://eservices.cairns.qld.gov.au/eservice/daEnquiryInit.do?nodeNum=227
  date_received: '2025-03-20'
  date_scraped: '2025-04-15'
  authority_label: cairns
- council_reference: 13352/2025
  address: 26 Ayla Court EDMONTON QLD 4869
  description: SP 352346 Building Format Plan No Stage Name 1 Lot into 2 Lots and
    Common Property
  info_url: https://eservices.cairns.qld.gov.au/eservice/daEnquiryInit.do?nodeNum=227
  date_received: '2025-03-20'
  date_scraped: '2025-04-15'
  authority_label: cairns
- council_reference: 13353/2025
  address: 384 Draper Street PARRAMATTA PARK QLD 4870
  description: Material Change of Use Multiple Dwelling
  info_url: https://eservices.cairns.qld.gov.au/eservice/daEnquiryInit.do?nodeNum=227
  date_received: '2025-03-20'
  date_scraped: '2025-04-15'
  authority_label: cairns
- council_reference: 13354/2025
  address: 10 Vulcan Street AEROGLEN QLD 4870
  description: Building Works Assessable Against the Planning Scheme Patio
  info_url: https://eservices.cairns.qld.gov.au/eservice/daEnquiryInit.do?nodeNum=227
  date_received: '2025-03-20'
  date_scraped: '2025-04-15'
  authority_label: cairns
- council_reference: 13355/2025
  address: 17 Trembath Drive GORDONVALE QLD 4865
  description: Reconfiguring a Lot Boundary Realignment
  info_url: https://eservices.cairns.qld.gov.au/eservice/daEnquiryInit.do?nodeNum=227
  date_received: '2025-03-24'
  date_scraped: '2025-04-15'
  authority_label: cairns
- council_reference: 13356/2025
  address: 50-54 Canopy's Edge Boulevard SMITHFIELD QLD 4878
  description: Operational Works Civil Works
  info_url: https://eservices.cairns.qld.gov.au/eservice/daEnquiryInit.do?nodeNum=227
  date_received: '2025-03-25'
  date_scraped: '2025-04-15'
  authority_label: cairns
- council_reference: 13357/2025
  address: Unit 3 157-159 Grafton Street CAIRNS CITY QLD 4870
  description: Material Change of Use Multiple Dwelling and Short-term Accommodation
  info_url: https://eservices.cairns.qld.gov.au/eservice/daEnquiryInit.do?nodeNum=227
  date_received: '2025-03-25'
  date_scraped: '2025-04-15'
  authority_label: cairns
- council_reference: 13358/2025
  address: 2261R Pine Creek-Yarrabah Road EAST TRINITY QLD 4871
  description: Material Change of Use Dwelling House
  info_url: https://eservices.cairns.qld.gov.au/eservice/daEnquiryInit.do?nodeNum=227
  date_received: '2025-03-25'
  date_scraped: '2025-04-15'
  authority_label: cairns
- council_reference: 13359/2025
  address: 138-140 Wiseman Road West EDMONTON QLD 4869
  description: Operational Works ? On-Street Works Access Crossover and Driveway
  info_url: https://eservices.cairns.qld.gov.au/eservice/daEnquiryInit.do?nodeNum=227
  date_received: '2025-03-24'
  date_scraped: '2025-04-15'
  authority_label: cairns
- council_reference: 13360/2025
  address: 235 Kamerunga Road FRESHWATER QLD 4870
  description: Building Works Assessable Against the Planning Scheme Other - Shade
    Sail
  info_url: https://eservices.cairns.qld.gov.au/eservice/daEnquiryInit.do?nodeNum=227
  date_received: '2025-03-27'
  date_scraped: '2025-04-15'
  authority_label: cairns
- council_reference: 13361/2025
  address: 4 Oliva Street PALM COVE QLD 4879
  description: Material Change of Use Multiple dwelling and Short-term Accommodation
  info_url: https://eservices.cairns.qld.gov.au/eservice/daEnquiryInit.do?nodeNum=227
  date_received: '2025-03-27'
  date_scraped: '2025-04-15'
  authority_label: cairns
- council_reference: 13362/2025
  address: 23 Peacock Street TRINITY BEACH QLD 4879
  description: Change Application (Other) Superseded Planning Scheme Reconfiguring
    a Lot (3 into 14 lots)
  info_url: https://eservices.cairns.qld.gov.au/eservice/daEnquiryInit.do?nodeNum=227
  date_received: '2025-03-28'
  date_scraped: '2025-04-15'
  authority_label: cairns
- council_reference: 13363/2025
  address: 129 Vasey Esplanade TRINITY BEACH QLD 4879
  description: Operational Works Prescribed Tidal Works
  info_url: https://eservices.cairns.qld.gov.au/eservice/daEnquiryInit.do?nodeNum=227
  date_received: '2025-03-28'
  date_scraped: '2025-04-15'
  authority_label: cairns
- council_reference: 13364/2025
  address: 1-15 Jackson Drive WOREE QLD 4868
  description: Material Change of Use High Impact Industry and Environment Facility
  info_url: https://eservices.cairns.qld.gov.au/eservice/daEnquiryInit.do?nodeNum=227
  date_received: '2025-03-31'
  date_scraped: '2025-04-15'
  authority_label: cairns
- council_reference: 13365/2025
  address: 29 John Malcolm Street REDLYNCH QLD 4870
  description: Operational Works Additional Crossover
  info_url: https://eservices.cairns.qld.gov.au/eservice/daEnquiryInit.do?nodeNum=227
  date_received: '2025-03-18'
  date_scraped: '2025-04-15'
  authority_label: cairns
- council_reference: 13366/2025
  address: 57 Gallery Drive MOUNT SHERIDAN QLD 4868
  description: Building Works Assessable Against the Planning Scheme Retaining Wall
  info_url: https://eservices.cairns.qld.gov.au/eservice/daEnquiryInit.do?nodeNum=227
  date_received: '2025-03-31'
  date_scraped: '2025-04-15'
  authority_label: cairns
- council_reference: 13367/2025
  address: 196 Greenslopes Street EDGE HILL QLD 4870
  description: Operational Works Additional Crossover
  info_url: https://eservices.cairns.qld.gov.au/eservice/daEnquiryInit.do?nodeNum=227
  date_received: '2025-03-31'
  date_scraped: '2025-04-15'
  authority_label: cairns
- council_reference: 13368/2025
  address: Bruce Highway GORDONVALE QLD 4865
  description: Change Application (Minor) Combined Application ROL (1 Lot into 7,
    New Road & 1 Drainage Lot) & OPW (Civil Works & Services)
  info_url: https://eservices.cairns.qld.gov.au/eservice/daEnquiryInit.do?nodeNum=227
  date_received: '2025-04-02'
  date_scraped: '2025-04-15'
  authority_label: cairns
- council_reference: 13369/2025
  address: 289-291 Spence Street BUNGALOW QLD 4870
  description: Operational Works ? On-Street Works Access Crossover and Driveway
  info_url: https://eservices.cairns.qld.gov.au/eservice/daEnquiryInit.do?nodeNum=227
  date_received: '2025-04-02'
  date_scraped: '2025-04-15'
  authority_label: cairns
- council_reference: 13370/2025
  address: 116 James Cook Drive KEWARRA BEACH QLD 4879
  description: Material Change of Use Dwelling House
  info_url: https://eservices.cairns.qld.gov.au/eservice/daEnquiryInit.do?nodeNum=227
  date_received: '2025-04-02'
  date_scraped: '2025-04-15'
  authority_label: cairns
- council_reference: 13371/2025
  address: 15-19 Cochrane Street STRATFORD QLD 4870
  description: Material Change of Use Dwelling House
  info_url: https://eservices.cairns.qld.gov.au/eservice/daEnquiryInit.do?nodeNum=227
  date_received: '2025-04-02'
  date_scraped: '2025-04-15'
  authority_label: cairns
- council_reference: 13372/2025
  address: 11 Palmerston Street AEROGLEN QLD 4870
  description: Building Works Assessable Against the Planning Scheme Carport
  info_url: https://eservices.cairns.qld.gov.au/eservice/daEnquiryInit.do?nodeNum=227
  date_received: '2025-04-04'
  date_scraped: '2025-04-15'
  authority_label: cairns
- council_reference: 13373/2025
  address: 44 Kewarra Street KEWARRA BEACH QLD 4879
  description: Material Change of Use Short-Term Accommodation
  info_url: https://eservices.cairns.qld.gov.au/eservice/daEnquiryInit.do?nodeNum=227
  date_received: '2025-04-07'
  date_scraped: '2025-04-15'
  authority_label: cairns
- council_reference: 13374/2025
  address: 53-63 Anderson Road WOREE QLD 4868
  description: Exemption Request Educational Establishment
  info_url: https://eservices.cairns.qld.gov.au/eservice/daEnquiryInit.do?nodeNum=227
  date_received: '2025-04-07'
  date_scraped: '2025-04-15'
  authority_label: cairns
- council_reference: 13375/2025
  address: 710-714 Des Chalmers Drive WOREE QLD 4868
  description: Operational Works Civil Works
  info_url: https://eservices.cairns.qld.gov.au/eservice/daEnquiryInit.do?nodeNum=227
  date_received: '2025-04-07'
  date_scraped: '2025-04-15'
  authority_label: cairns
- council_reference: 13376/2025
  address: Fairweather Access GOLDSBOROUGH QLD 4865
  description: Operational Works ? Minor Works Electrical and Lighting Design
  info_url: https://eservices.cairns.qld.gov.au/eservice/daEnquiryInit.do?nodeNum=227
  date_received: '2025-04-04'
  date_scraped: '2025-04-15'
  authority_label: cairns
- council_reference: 13377/2025
  address: 209 Greenslopes Street EDGE HILL QLD 4870
  description: Operational Works Additional Crossover
  info_url: https://eservices.cairns.qld.gov.au/eservice/daEnquiryInit.do?nodeNum=227
  date_received: '2025-04-08'
  date_scraped: '2025-04-15'
  authority_label: cairns
- council_reference: 13378/2025
  address: 136 Pease Street MANOORA QLD 4870
  description: Combined Application Material Change of Use Multiple Dwelling & Reconfiguring
    a Lot Creation of Access Easement
  info_url: https://eservices.cairns.qld.gov.au/eservice/daEnquiryInit.do?nodeNum=227
  date_received: '2025-04-08'
  date_scraped: '2025-04-15'
  authority_label: cairns
- council_reference: 13379/2025
  address: Machans Beach Road MACHANS BEACH QLD 4878
  description: Operational Works Subdivisional
  info_url: https://eservices.cairns.qld.gov.au/eservice/daEnquiryInit.do?nodeNum=227
  date_received: '2025-04-08'
  date_scraped: '2025-04-15'
  authority_label: cairns
- council_reference: 13380/2025
  address: 63 Periwinkle Avenue TRINITY BEACH QLD 4879
  description: Material Change of Use Dual Occupancy
  info_url: https://eservices.cairns.qld.gov.au/eservice/daEnquiryInit.do?nodeNum=227
  date_received: '2025-04-08'
  date_scraped: '2025-04-15'
  authority_label: cairns
- council_reference: 13381/2025
  address: 44L Macaranga Road BENTLEY PARK QLD 4869
  description: Operational Works ? Minor Works Electrical and Lighting Design
  info_url: https://eservices.cairns.qld.gov.au/eservice/daEnquiryInit.do?nodeNum=227
  date_received: '2025-04-08'
  date_scraped: '2025-04-15'
  authority_label: cairns
- council_reference: 13382/2025
  address: 470-472 Varley Street YORKEYS KNOB QLD 4878
  description: Operational Works ? Minor Works Electrical
  info_url: https://eservices.cairns.qld.gov.au/eservice/daEnquiryInit.do?nodeNum=227
  date_received: '2025-04-08'
  date_scraped: '2025-04-15'
  authority_label: cairns
- council_reference: 13384/2025
  address: 161-165 Holloways Beach Access Road HOLLOWAYS BEACH QLD 4878
  description: Change Application (Minor) Material Change of Use Self Storage Facility
  info_url: https://eservices.cairns.qld.gov.au/eservice/daEnquiryInit.do?nodeNum=227
  date_received: '2025-04-03'
  date_scraped: '2025-04-15'
  authority_label: cairns
- council_reference: 13385/2025
  address: 4B Maisel Close SMITHFIELD QLD 4878
  description: Material Change of Use Office
  info_url: https://eservices.cairns.qld.gov.au/eservice/daEnquiryInit.do?nodeNum=227
  date_received: '2025-04-09'
  date_scraped: '2025-04-15'
  authority_label: cairns
- council_reference: 13386/2025
  address: 112 Cairns Street CAIRNS NORTH QLD 4870
  description: Building Works Assessable Against the Planning Scheme Dwelling House
    Extension
  info_url: https://eservices.cairns.qld.gov.au/eservice/daEnquiryInit.do?nodeNum=227
  date_received: '2025-04-09'
  date_scraped: '2025-04-15'
  authority_label: cairns
- council_reference: 13387/2025
  address: 12 Holmes Street STRATFORD QLD 4870
  description: Operational Works ? On-Street Works Access Crossover and Driveway
  info_url: https://eservices.cairns.qld.gov.au/eservice/daEnquiryInit.do?nodeNum=227
  date_received: '2025-04-09'
  date_scraped: '2025-04-15'
  authority_label: cairns
- council_reference: 13388/2025
  address: 1000L Coral Coast Drive PALM COVE QLD 4879
  description: Change Application (Minor) Reconfiguring a Lot (1 Lot into 88 Residential
    Lots & 10 Common Property Lots)
  info_url: https://eservices.cairns.qld.gov.au/eservice/daEnquiryInit.do?nodeNum=227
  date_received: '2025-04-14'
  date_scraped: '2025-04-15'
  authority_label: cairns
