---
- council_reference: 100/2023
  address: Unit 3 1 Braid Street PERTH WA 6000
  description: Change of Use to Short Term Accommodation
  info_url: https://eservices.vincent.wa.gov.au/eservice/daEnquiryInit.do?doc_typ=5&nodeNum=8053
  date_received: '2023-04-04'
  date_scraped: '2023-05-01'
  authority_label: vincent
- council_reference: 101/2023
  address: 56 Venn Street NORTH PERTH WA 6006
  description: Small Business - Change of Use from Residential to Office
  info_url: https://eservices.vincent.wa.gov.au/eservice/daEnquiryInit.do?doc_typ=5&nodeNum=8053
  date_received: '2023-04-05'
  date_scraped: '2023-05-01'
  authority_label: vincent
- council_reference: 102/2023
  address: 514 William Street HIGHGATE WA 6003
  description: Grouped Dwellings (4) Amendment to Approved)
  info_url: https://eservices.vincent.wa.gov.au/eservice/daEnquiryInit.do?doc_typ=5&nodeNum=8053
  date_received: '2023-04-06'
  date_scraped: '2023-05-01'
  authority_label: vincent
- council_reference: 103/2023
  address: Unit 16 1 Chelmsford Road MOUNT LAWLEY WA 6050
  description: Alterations and Additions to Multiple Dwelling
  info_url: https://eservices.vincent.wa.gov.au/eservice/daEnquiryInit.do?doc_typ=5&nodeNum=8053
  date_received: '2023-04-06'
  date_scraped: '2023-05-01'
  authority_label: vincent
- council_reference: 104/2023
  address: 3 Shakespeare Street LEEDERVILLE WA 6007
  description: Single House
  info_url: https://eservices.vincent.wa.gov.au/eservice/daEnquiryInit.do?doc_typ=5&nodeNum=8053
  date_received: '2023-04-06'
  date_scraped: '2023-05-01'
  authority_label: vincent
- council_reference: 105/2023
  address: 191 Oxford Street LEEDERVILLE WA 6007
  description: Alterations and Additions to Single House (Unauthorised Existing Development)
  info_url: https://eservices.vincent.wa.gov.au/eservice/daEnquiryInit.do?doc_typ=5&nodeNum=8053
  date_received: '2023-04-12'
  date_scraped: '2023-05-01'
  authority_label: vincent
- council_reference: 107/2023
  address: 87 Smith Street HIGHGATE WA 6003
  description: Alterations and Additions to Single House
  info_url: https://eservices.vincent.wa.gov.au/eservice/daEnquiryInit.do?doc_typ=5&nodeNum=8053
  date_received: '2023-04-13'
  date_scraped: '2023-05-01'
  authority_label: vincent
- council_reference: 108/2023
  address: 566-570 Beaufort Street MOUNT LAWLEY WA 6050
  description: Written Planning Advice
  info_url: https://eservices.vincent.wa.gov.au/eservice/daEnquiryInit.do?doc_typ=5&nodeNum=8053
  date_received: '2023-04-13'
  date_scraped: '2023-05-01'
  authority_label: vincent
- council_reference: 109/2023
  address: Unit 6 79 Brisbane Street PERTH WA 6000
  description: Change of Use from Office to Multiple Dwelling
  info_url: https://eservices.vincent.wa.gov.au/eservice/daEnquiryInit.do?doc_typ=5&nodeNum=8053
  date_received: '2023-04-17'
  date_scraped: '2023-05-01'
  authority_label: vincent
- council_reference: 110/2023
  address: 5 Franklin Street LEEDERVILLE WA 6007
  description: Grouped Dwelling & Alterations and Additions to Existing Grouped Dwelling
  info_url: https://eservices.vincent.wa.gov.au/eservice/daEnquiryInit.do?doc_typ=5&nodeNum=8053
  date_received: '2023-04-17'
  date_scraped: '2023-05-01'
  authority_label: vincent
- council_reference: 111/2023
  address: 29 Lindsay Street PERTH WA 6000
  description: Small Business - Alterations and Additions to Restaurant Cafe
  info_url: https://eservices.vincent.wa.gov.au/eservice/daEnquiryInit.do?doc_typ=5&nodeNum=8053
  date_received: '2023-04-17'
  date_scraped: '2023-05-01'
  authority_label: vincent
- council_reference: 112/2023
  address: 459 Fitzgerald Street NORTH PERTH WA 6006
  description: Alterations and Additions to Hotel (Amendment to Approved)
  info_url: https://eservices.vincent.wa.gov.au/eservice/daEnquiryInit.do?doc_typ=5&nodeNum=8053
  date_received: '2023-04-18'
  date_scraped: '2023-05-01'
  authority_label: vincent
- council_reference: 113/2023
  address: 28-32 Lindsay Street PERTH WA 6000
  description: S.40
  info_url: https://eservices.vincent.wa.gov.au/eservice/daEnquiryInit.do?doc_typ=5&nodeNum=8053
  date_received: '2023-04-19'
  date_scraped: '2023-05-01'
  authority_label: vincent
- council_reference: 114/2023
  address: 46B Joel Terrace EAST PERTH WA 6004
  description: Single House
  info_url: https://eservices.vincent.wa.gov.au/eservice/daEnquiryInit.do?doc_typ=5&nodeNum=8053
  date_received: '2023-04-19'
  date_scraped: '2023-05-01'
  authority_label: vincent
- council_reference: 116/2023
  address: Unit 3 317 Oxford Street LEEDERVILLE WA 6007
  description: Alterations and Additions to Grouped Dwelling (Patio)
  info_url: https://eservices.vincent.wa.gov.au/eservice/daEnquiryInit.do?doc_typ=5&nodeNum=8053
  date_received: '2023-04-20'
  date_scraped: '2023-05-01'
  authority_label: vincent
- council_reference: 117/2023
  address: 188 Vincent Street NORTH PERTH WA 6006
  description: Alterations and Additions to Place of Worship (Amendment to Approved)
  info_url: https://eservices.vincent.wa.gov.au/eservice/daEnquiryInit.do?doc_typ=5&nodeNum=8053
  date_received: '2023-04-21'
  date_scraped: '2023-05-01'
  authority_label: vincent
- council_reference: 118/2023
  address: 41 Britannia Road LEEDERVILLE WA 6007
  description: Telecommunications Facility
  info_url: https://eservices.vincent.wa.gov.au/eservice/daEnquiryInit.do?doc_typ=5&nodeNum=8053
  date_received: '2023-04-27'
  date_scraped: '2023-05-01'
  authority_label: vincent
- council_reference: 119/2023
  address: 72 Cowle Street WEST PERTH WA 6005
  description: Grouped Dwelling (2) (Amendment to Approved) (Extension of Time)
  info_url: https://eservices.vincent.wa.gov.au/eservice/daEnquiryInit.do?doc_typ=5&nodeNum=8053
  date_received: '2023-04-27'
  date_scraped: '2023-05-01'
  authority_label: vincent
- council_reference: 120/2023
  address: 39 Albert Street NORTH PERTH WA 6006
  description: Alterations and Additions to Single House
  info_url: https://eservices.vincent.wa.gov.au/eservice/daEnquiryInit.do?doc_typ=5&nodeNum=8053
  date_received: '2023-04-28'
  date_scraped: '2023-05-01'
  authority_label: vincent
- council_reference: 121/2023
  address: 193-195 Brisbane Street PERTH WA 6000
  description: Change of Use from Restaurant/Cafe/Showroom to Small Bar
  info_url: https://eservices.vincent.wa.gov.au/eservice/daEnquiryInit.do?doc_typ=5&nodeNum=8053
  date_received: '2023-04-28'
  date_scraped: '2023-05-01'
  authority_label: vincent
- council_reference: 123/2023
  address: 95 Dunedin Street MOUNT HAWTHORN WA 6016
  description: Alterations and Additions to Single House
  info_url: https://eservices.vincent.wa.gov.au/eservice/daEnquiryInit.do?doc_typ=5&nodeNum=8053
  date_received: '2023-04-30'
  date_scraped: '2023-05-01'
  authority_label: vincent
- council_reference: 124/2023
  address: 35 Carr Street WEST PERTH WA 6005
  description: Grouped Dwellings (3)
  info_url: https://eservices.vincent.wa.gov.au/eservice/daEnquiryInit.do?doc_typ=5&nodeNum=8053
  date_received: '2023-05-01'
  date_scraped: '2023-05-01'
  authority_label: vincent
